
> personal-portfolio@0.1.0 build
> next build

Γû▓ Next.js 16.1.4 (Turbopack)
- Environments: .env.local

  Creating an optimized production build ...
Γ£ô Compiled successfully in 2.6s
  Running TypeScript ...
  Collecting page data using 31 workers ...
ΓÜá Using edge runtime on a page currently disables static generation for that page
  Generating static pages using 31 workers (0/5) ...
ΓÜá metadataBase property in metadata export is not set for resolving social open graph or twitter images, using "http://localhost:3000". See https://nextjs.org/docs/app/api-reference/functions/generate-metadata#metadatabase
  Generating static pages using 31 workers (1/5) 
  Generating static pages using 31 workers (2/5) 
  Generating static pages using 31 workers (3/5) 
Γ£ô Generating static pages using 31 workers (5/5) in 440.0ms
  Finalizing page optimization ...

Route (app)
Γöî Γùï /
Γö£ Γùï /_not-found
Γö£ Γùï /icon.svg
Γöö ╞Æ /opengraph-image


Γùï  (Static)   prerendered as static content
╞Æ  (Dynamic)  server-rendered on demand

